[    1987ms] [INFO] 框架和 SDK 输出的日志默认不展示，可在框架配置文件中设置开启，详见 https://doc.weixin.qq.com/doc/w3_AWkASAb9APAr8IdJI5VS0OyqetUE6?scode=ANAAyQcbAAgB8qKjm9AWkASAb9APA @ https://fe-static.xhscdn.com/formula-static/ugc/public/resource/js/4325.c9d005ff.js:118
[    2262ms] [LOG] Error @ :2
[    3121ms] [LOG] Error @ :2
[    3545ms] [LOG] Error @ :2
[    3715ms] [ERROR] Failed to load resource: the server responded with a status of 401 () @ https://creator.xiaohongshu.com/api/galaxy/user/info:0
[    4405ms] [INFO] 框架和 SDK 输出的日志默认不展示，可在框架配置文件中设置开启，详见 https://doc.weixin.qq.com/doc/w3_AWkASAb9APAr8IdJI5VS0OyqetUE6?scode=ANAAyQcbAAgB8qKjm9AWkASAb9APA @ https://fe-static.xhscdn.com/formula-static/ugc/public/resource/js/4325.c9d005ff.js:118
[    4553ms] [LOG] Error @ :2
[    4880ms] [LOG] Error @ :2
[    6549ms] [LOG] Error @ :2
[    7283ms] [VERBOSE] [DOM] Input elements should have autocomplete attributes (suggested: "current-password"): (More info: https://goo.gl/9p2vKq) %o @ https://creator.xiaohongshu.com/login?source=&redirectReason=401&lastUrl=%252Fpublish%252Fpublish:0
[    8332ms] [ERROR] Failed to load resource: net::ERR_BLOCKED_BY_CLIENT @ chrome-extension://invalid/:0
[    8339ms] [ERROR] Failed to load resource: net::ERR_BLOCKED_BY_CLIENT @ chrome-extension://invalid/:0
[    8344ms] [ERROR] Failed to load resource: net::ERR_BLOCKED_BY_CLIENT @ chrome-extension://invalid/:0
[    8344ms] [ERROR] Failed to load resource: net::ERR_BLOCKED_BY_CLIENT @ chrome-extension://invalid/:0
[    8345ms] [ERROR] Failed to load resource: net::ERR_BLOCKED_BY_CLIENT @ chrome-extension://invalid/:0
[    8346ms] [ERROR] Failed to load resource: net::ERR_BLOCKED_BY_CLIENT @ chrome-extension://invalid/:0
[    8346ms] [ERROR] Failed to load resource: net::ERR_BLOCKED_BY_CLIENT @ chrome-extension://invalid/:0
[    8347ms] [ERROR] Failed to load resource: net::ERR_BLOCKED_BY_CLIENT @ chrome-extension://invalid/:0
[   18015ms] [LOG] Error @ :2
[  125063ms] [LOG] Error @ :2
[  305191ms] [LOG] Error @ :2
[  725216ms] [LOG] Error @ :2
[  905623ms] [LOG] Error @ :2
